<?xml version="1.0" encoding="UTF-8"?>
<testsuites name="Mocha Tests" time="21.295" tests="6" failures="3">
  <testsuite name="Root Suite" timestamp="2025-01-03T19:34:08" tests="0" time="0.000" failures="0">
  </testsuite>
  <testsuite name="Goals API Suite" timestamp="2025-01-03T19:34:08" tests="0" file="C:\Users\laksh\Pictures\GoalsApp\backend\app-test.js" time="0.000" failures="0">
  </testsuite>
  <testsuite name="GET /goals" timestamp="2025-01-03T19:34:08" tests="1" file="C:\Users\laksh\Pictures\GoalsApp\backend\app-test.js" time="0.765" failures="0">
    <testcase name="Goals API Suite GET /goals it should fetch all goals (initially empty)" time="0.069" classname="it should fetch all goals (initially empty)">
    </testcase>
  </testsuite>
  <testsuite name="POST /goals" timestamp="2025-01-03T19:34:09" tests="2" file="C:\Users\laksh\Pictures\GoalsApp\backend\app-test.js" time="0.181" failures="0">
    <testcase name="Goals API Suite POST /goals it should create a new goal" time="0.083" classname="it should create a new goal">
    </testcase>
    <testcase name="Goals API Suite POST /goals it should not create a goal without text" time="0.003" classname="it should not create a goal without text">
    </testcase>
  </testsuite>
  <testsuite name="DELETE /goals/:id" timestamp="2025-01-03T19:34:09" tests="2" file="C:\Users\laksh\Pictures\GoalsApp\backend\app-test.js" time="0.277" failures="1">
    <testcase name="Goals API Suite DELETE /goals/:id it should delete a goal" time="0.109" classname="it should delete a goal">
    </testcase>
    <testcase name="Goals API Suite DELETE /goals/:id it should return 404 when trying to delete a non-existing goal" time="0.069" classname="it should return 404 when trying to delete a non-existing goal">
      <failure message="expected Response{ _events: {}, …(35), …(2) } to have status code 404 but got 200" type="AssertionError"><![CDATA[AssertionError: expected Response{ _events: {}, …(35), …(2) } to have status code 404 but got 200
    at C:\Users\laksh\Pictures\GoalsApp\backend\app-test.js:110:27
    at Request.callback (node_modules\superagent\lib\node\index.js:857:12)
    at C:\Users\laksh\Pictures\GoalsApp\backend\node_modules\superagent\lib\node\index.js:1070:18
    at IncomingMessage.<anonymous> (node_modules\superagent\lib\node\parsers\json.js:21:7)
    at IncomingMessage.emit (node:events:531:35)
    at endReadableNT (node:internal/streams/readable:1696:12)
    at process.processTicksAndRejections (node:internal/process/task_queues:82:21)

      + expected - actual

      -200
      +404
      ]]></failure>
    </testcase>
  </testsuite>
  <testsuite name="Error Handling" timestamp="2025-01-03T19:34:10" tests="1" file="C:\Users\laksh\Pictures\GoalsApp\backend\app-test.js" time="20.066" failures="2">
    <testcase name="Goals API Suite Error Handling it should handle a database error gracefully" time="10.010" classname="it should handle a database error gracefully">
      <failure message="Timeout of 10000ms exceeded. For async tests and hooks, ensure &quot;done()&quot; is called; if returning a Promise, ensure it resolves. (C:\Users\laksh\Pictures\GoalsApp\backend\app-test.js)" type="Error"><![CDATA[Error: Timeout of 10000ms exceeded. For async tests and hooks, ensure "done()" is called; if returning a Promise, ensure it resolves. (C:\Users\laksh\Pictures\GoalsApp\backend\app-test.js)
    at listOnTimeout (node:internal/timers:581:17)
    at process.processTimers (node:internal/timers:519:7)]]></failure>
    </testcase>
    <testcase name="Goals API Suite &quot;after all&quot; hook in &quot;Goals API Suite&quot;" time="10.001" classname="&quot;after all&quot; hook in &quot;Goals API Suite&quot;">
      <failure message="Timeout of 10000ms exceeded. For async tests and hooks, ensure &quot;done()&quot; is called; if returning a Promise, ensure it resolves. (C:\Users\laksh\Pictures\GoalsApp\backend\app-test.js)" type="Error"><![CDATA[Error: Timeout of 10000ms exceeded. For async tests and hooks, ensure "done()" is called; if returning a Promise, ensure it resolves. (C:\Users\laksh\Pictures\GoalsApp\backend\app-test.js)
    at listOnTimeout (node:internal/timers:581:17)
    at process.processTimers (node:internal/timers:519:7)]]></failure>
    </testcase>
  </testsuite>
</testsuites>